09-04 08:41:40.224 I/Unique  (14180): 2026-09-04 08:41:40.022 I PROCESS STUB_PROVIDER_CREATED slot=0
09-04 08:41:41.527 I/Unique  (14180): 2026-09-04 08:41:41.480 I HOOK SERVICE_HOOKED service=package cache=true singletons=1 bound=checkPermission,checkUidPermission,getActivityInfo,getApplicationInfo,getNameForUid,getPackageInfo,getPackagesForUid matched=checkPermission,checkUidPermission,getActivityInfo,getApplicationInfo,getNameForUid,getPackageInfo,getPackagesForUid
09-04 08:41:42.328 I/Unique  (14180): 2026-09-04 08:41:42.287 I HOOK SERVICE_HOOKED service=activity cache=true singletons=1 bound=serviceDispatch,callerIdentity,getContentProvider,intentSender matched=serviceDispatch=bindService+bindServiceInstance+peekService+publishService+startService+stopService+unbindFinished,callerIdentity=broadcastIntent+broadcastIntentWithFeature+grantUriPermission+moveTaskToFront+registerReceiver+registerReceiverWithFeature+revokeUriPermission+sendIntentSender+startActivity+startActivityAsUser+startActivityAsUserWithFeature+startActivityWithFeature,getContentProvider,i
09-04 08:41:42.467 I/Unique  (14180): 2026-09-04 08:41:42.397 I LAUNCH VAM_HOOK_INSTALLED package=com.unique.probe host=com.unique methods=4 matched=serviceDispatch=bindService+bindServiceInstance+peekService+publishService+startService+stopService+unbindFinished,callerIdentity=broadcastIntent+broadcastIntentWithFeature+grantUriPermission+moveTaskToFront+registerReceiver+registerReceiverWithFeature+revokeUriPermission+sendIntentSender+startActivity+startActivityAsUser+startActivityAsUserWithFeature+startActivityWithFeature,getContentProvider,i
09-04 08:41:42.761 I/Unique  (14180): 2026-09-04 08:41:42.711 I HOOK SERVICE_HOOKED service=activity_task cache=true singletons=1 bound=activityStart matched=activityStart=startActivities+startActivity+startActivityAndWait+startActivityAsCaller+startActivityAsUser+startActivityFromGameSession+startActivityIntentSender+startActivityWithConfig
09-04 08:41:42.927 I/Unique  (14180): 2026-09-04 08:41:42.791 I LAUNCH ATM_HOOK_INSTALLED package=com.unique.probe host=com.unique matched=activityStart=startActivities+startActivity+startActivityAndWait+startActivityAsCaller+startActivityAsUser+startActivityFromGameSession+startActivityIntentSender+startActivityWithConfig
09-04 08:41:43.434 I/UniqueProbe(14180): Application.onCreate package=com.unique.probe class=com.unique.probe.ProbeApplication filesDir=/data/user/0/com.unique/files/virtual/users/0/data/com.unique.probe/files
09-04 08:41:43.526 I/UniqueProbe(14180): Provider.onCreate package=com.unique.probe
09-04 08:41:43.711 I/Unique  (14180): 2026-09-04 08:41:43.619 I PROCESS PROVIDERS_PUBLISHED package=com.unique.probe declared=1 authorities=com.unique.probe.provider
09-04 08:41:43.905 I/Unique  (14180): 2026-09-04 08:41:43.842 I PROCESS RECEIVERS_REGISTERED package=com.unique.probe declared=1 registered=1 actions=com.unique.probe.ProbeReceiver#com.unique.probe.PING exported=0
09-04 08:41:44.285 I/Unique  (14180): 2026-09-04 08:41:44.091 I LAUNCH u0 com.unique.probe TRANSACTION_REWRITTEN package=com.unique.probe activity=com.unique.probe.ProbeActivity vuid=0 item=LaunchActivityItem theme=0
09-04 08:41:45.942 I/UniqueProbe(14180): wrote /data/user/0/com.unique/files/virtual/users/0/data/com.unique.probe/files/probe-result.properties
09-04 08:41:45.979 I/UniqueProbe(14180): packageName=com.unique.probe
09-04 08:41:45.985 I/UniqueProbe(14180): applicationClass=com.unique.probe.ProbeApplication
09-04 08:41:45.986 I/UniqueProbe(14180): applicationOnCreateRan=true
09-04 08:41:45.987 I/UniqueProbe(14180): applicationBeforeActivity=true
09-04 08:41:46.002 I/UniqueProbe(14180): activityClass=com.unique.probe.ProbeActivity
09-04 08:41:46.012 I/UniqueProbe(14180): componentName=com.unique.probe/com.unique.probe.ProbeActivity
09-04 08:41:46.013 I/UniqueProbe(14180): pid=14180
09-04 08:41:46.014 I/UniqueProbe(14180): taskId=48
09-04 08:41:46.015 I/UniqueProbe(14180): uid=10109
09-04 08:41:46.074 I/UniqueProbe(14180): dataDir=/data/user/0/com.unique/files/virtual/users/0/data/com.unique.probe
09-04 08:41:46.075 I/UniqueProbe(14180): filesDir=/data/user/0/com.unique/files/virtual/users/0/data/com.unique.probe/files
09-04 08:41:46.088 I/UniqueProbe(14180): cacheDir=/data/user/0/com.unique/files/virtual/users/0/data/com.unique.probe/cache
09-04 08:41:46.092 I/UniqueProbe(14180): codeCacheDir=/data/user/0/com.unique/files/virtual/users/0/data/com.unique.probe/code_cache
09-04 08:41:46.093 I/UniqueProbe(14180): packageCodePath=/data/user/0/com.unique/files/virtual/apk/com.unique.probe/13/base.apk
09-04 08:41:46.094 I/UniqueProbe(14180): packageResourcePath=/data/user/0/com.unique/files/virtual/apk/com.unique.probe/13/base.apk
09-04 08:41:46.095 I/UniqueProbe(14180): appInfoDataDir=/data/user/0/com.unique/files/virtual/users/0/data/com.unique.probe
09-04 08:41:46.129 I/UniqueProbe(14180): appInfoSourceDir=/data/user/0/com.unique/files/virtual/apk/com.unique.probe/13/base.apk
09-04 08:41:46.131 I/UniqueProbe(14180): appInfoNativeLibraryDir=/data/user/0/com.unique/files/virtual/apk/com.unique.probe/13/lib/arm64-v8a
09-04 08:41:46.132 I/UniqueProbe(14180): targetSdk=34
09-04 08:41:46.137 I/UniqueProbe(14180): launchCount=1
09-04 08:41:46.138 I/UniqueProbe(14180): sharedPrefsFile=/data/user/0/com.unique/files/virtual/users/0/data/com.unique.probe/shared_prefs/probe.xml
09-04 08:41:46.139 I/UniqueProbe(14180): fileLineCount=1
09-04 08:41:46.153 I/UniqueProbe(14180): filePath=/data/user/0/com.unique/files/virtual/users/0/data/com.unique.probe/files/launches.log
09-04 08:41:46.154 I/UniqueProbe(14180): dbRowCount=1
09-04 08:41:46.155 I/UniqueProbe(14180): dbPath=/data/user/0/com.unique/files/virtual/users/0/data/com.unique.probe/databases/probe.db
09-04 08:42:02.565 I/Unique  (14199): 2026-09-04 08:42:02.491 I PROCESS STUB_PROVIDER_CREATED slot=0
09-04 08:42:04.052 I/Unique  (14199): 2026-09-04 08:42:04.007 I HOOK SERVICE_HOOKED service=package cache=true singletons=1 bound=checkPermission,checkUidPermission,getActivityInfo,getApplicationInfo,getNameForUid,getPackageInfo,getPackagesForUid matched=checkPermission,checkUidPermission,getActivityInfo,getApplicationInfo,getNameForUid,getPackageInfo,getPackagesForUid
09-04 08:42:04.805 I/Unique  (14199): 2026-09-04 08:42:04.768 I HOOK SERVICE_HOOKED service=activity cache=true singletons=1 bound=serviceDispatch,callerIdentity,getContentProvider,intentSender matched=serviceDispatch=bindService+bindServiceInstance+peekService+publishService+startService+stopService+unbindFinished,callerIdentity=broadcastIntent+broadcastIntentWithFeature+grantUriPermission+moveTaskToFront+registerReceiver+registerReceiverWithFeature+revokeUriPermission+sendIntentSender+startActivity+startActivityAsUser+startActivityAsUserWithFeature+startActivityWithFeature,getContentProvider,i
09-04 08:42:04.943 I/Unique  (14199): 2026-09-04 08:42:04.839 I LAUNCH VAM_HOOK_INSTALLED package=com.unique.probe host=com.unique methods=4 matched=serviceDispatch=bindService+bindServiceInstance+peekService+publishService+startService+stopService+unbindFinished,callerIdentity=broadcastIntent+broadcastIntentWithFeature+grantUriPermission+moveTaskToFront+registerReceiver+registerReceiverWithFeature+revokeUriPermission+sendIntentSender+startActivity+startActivityAsUser+startActivityAsUserWithFeature+startActivityWithFeature,getContentProvider,i
09-04 08:42:05.222 I/Unique  (14199): 2026-09-04 08:42:05.177 I HOOK SERVICE_HOOKED service=activity_task cache=true singletons=1 bound=activityStart matched=activityStart=startActivities+startActivity+startActivityAndWait+startActivityAsCaller+startActivityAsUser+startActivityFromGameSession+startActivityIntentSender+startActivityWithConfig
09-04 08:42:05.356 I/Unique  (14199): 2026-09-04 08:42:05.254 I LAUNCH ATM_HOOK_INSTALLED package=com.unique.probe host=com.unique matched=activityStart=startActivities+startActivity+startActivityAndWait+startActivityAsCaller+startActivityAsUser+startActivityFromGameSession+startActivityIntentSender+startActivityWithConfig
09-04 08:42:05.814 I/UniqueProbe(14199): Application.onCreate package=com.unique.probe class=com.unique.probe.ProbeApplication filesDir=/data/user/0/com.unique/files/virtual/users/0/data/com.unique.probe/files
09-04 08:42:05.959 I/UniqueProbe(14199): Provider.onCreate package=com.unique.probe
09-04 08:42:06.108 I/Unique  (14199): 2026-09-04 08:42:06.057 I PROCESS PROVIDERS_PUBLISHED package=com.unique.probe declared=1 authorities=com.unique.probe.provider
09-04 08:42:06.273 I/Unique  (14199): 2026-09-04 08:42:06.231 I PROCESS RECEIVERS_REGISTERED package=com.unique.probe declared=1 registered=1 actions=com.unique.probe.ProbeReceiver#com.unique.probe.PING exported=0
09-04 08:42:06.563 I/Unique  (14199): 2026-09-04 08:42:06.471 I LAUNCH u0 com.unique.probe TRANSACTION_REWRITTEN package=com.unique.probe activity=com.unique.probe.ProbeActivity vuid=0 item=LaunchActivityItem theme=0
09-04 08:42:08.140 I/UniqueProbe(14199): wrote /data/user/0/com.unique/files/virtual/users/0/data/com.unique.probe/files/probe-result.properties
09-04 08:42:08.141 I/UniqueProbe(14199): packageName=com.unique.probe
09-04 08:42:08.142 I/UniqueProbe(14199): applicationClass=com.unique.probe.ProbeApplication
09-04 08:42:08.143 I/UniqueProbe(14199): applicationOnCreateRan=true
09-04 08:42:08.143 I/UniqueProbe(14199): applicationBeforeActivity=true
09-04 08:42:08.150 I/UniqueProbe(14199): activityClass=com.unique.probe.ProbeActivity
09-04 08:42:08.151 I/UniqueProbe(14199): componentName=com.unique.probe/com.unique.probe.ProbeActivity
09-04 08:42:08.181 I/UniqueProbe(14199): pid=14199
09-04 08:42:08.182 I/UniqueProbe(14199): taskId=49
09-04 08:42:08.189 I/UniqueProbe(14199): uid=10109
09-04 08:42:08.190 I/UniqueProbe(14199): dataDir=/data/user/0/com.unique/files/virtual/users/0/data/com.unique.probe
09-04 08:42:08.191 I/UniqueProbe(14199): filesDir=/data/user/0/com.unique/files/virtual/users/0/data/com.unique.probe/files
09-04 08:42:08.198 I/UniqueProbe(14199): cacheDir=/data/user/0/com.unique/files/virtual/users/0/data/com.unique.probe/cache
09-04 08:42:08.199 I/UniqueProbe(14199): codeCacheDir=/data/user/0/com.unique/files/virtual/users/0/data/com.unique.probe/code_cache
09-04 08:42:08.231 I/UniqueProbe(14199): packageCodePath=/data/user/0/com.unique/files/virtual/apk/com.unique.probe/13/base.apk
09-04 08:42:08.275 I/UniqueProbe(14199): packageResourcePath=/data/user/0/com.unique/files/virtual/apk/com.unique.probe/13/base.apk
09-04 08:42:08.291 I/UniqueProbe(14199): appInfoDataDir=/data/user/0/com.unique/files/virtual/users/0/data/com.unique.probe
09-04 08:42:08.293 I/UniqueProbe(14199): appInfoSourceDir=/data/user/0/com.unique/files/virtual/apk/com.unique.probe/13/base.apk
09-04 08:42:08.294 I/UniqueProbe(14199): appInfoNativeLibraryDir=/data/user/0/com.unique/files/virtual/apk/com.unique.probe/13/lib/arm64-v8a
09-04 08:42:08.295 I/UniqueProbe(14199): targetSdk=34
09-04 08:42:08.296 I/UniqueProbe(14199): launchCount=2
09-04 08:42:08.329 I/UniqueProbe(14199): sharedPrefsFile=/data/user/0/com.unique/files/virtual/users/0/data/com.unique.probe/shared_prefs/probe.xml
09-04 08:42:08.330 I/UniqueProbe(14199): fileLineCount=2
09-04 08:42:08.331 I/UniqueProbe(14199): filePath=/data/user/0/com.unique/files/virtual/users/0/data/com.unique.probe/files/launches.log
09-04 08:42:08.365 I/UniqueProbe(14199): dbRowCount=2
09-04 08:42:08.366 I/UniqueProbe(14199): dbPath=/data/user/0/com.unique/files/virtual/users/0/data/com.unique.probe/databases/probe.db
09-04 08:42:23.813 I/Unique  (14219): 2026-09-04 08:42:23.715 I PROCESS STUB_PROVIDER_CREATED slot=1
09-04 08:42:25.098 I/Unique  (14219): 2026-09-04 08:42:25.051 I HOOK SERVICE_HOOKED service=package cache=true singletons=1 bound=checkPermission,checkUidPermission,getActivityInfo,getApplicationInfo,getNameForUid,getPackageInfo,getPackagesForUid matched=checkPermission,checkUidPermission,getActivityInfo,getApplicationInfo,getNameForUid,getPackageInfo,getPackagesForUid
09-04 08:42:25.848 I/Unique  (14219): 2026-09-04 08:42:25.807 I HOOK SERVICE_HOOKED service=activity cache=true singletons=1 bound=serviceDispatch,callerIdentity,getContentProvider,intentSender matched=serviceDispatch=bindService+bindServiceInstance+peekService+publishService+startService+stopService+unbindFinished,callerIdentity=broadcastIntent+broadcastIntentWithFeature+grantUriPermission+moveTaskToFront+registerReceiver+registerReceiverWithFeature+revokeUriPermission+sendIntentSender+startActivity+startActivityAsUser+startActivityAsUserWithFeature+startActivityWithFeature,getContentProvider,i
09-04 08:42:25.971 I/Unique  (14219): 2026-09-04 08:42:25.887 I LAUNCH VAM_HOOK_INSTALLED package=com.unique.probe host=com.unique methods=4 matched=serviceDispatch=bindService+bindServiceInstance+peekService+publishService+startService+stopService+unbindFinished,callerIdentity=broadcastIntent+broadcastIntentWithFeature+grantUriPermission+moveTaskToFront+registerReceiver+registerReceiverWithFeature+revokeUriPermission+sendIntentSender+startActivity+startActivityAsUser+startActivityAsUserWithFeature+startActivityWithFeature,getContentProvider,i
09-04 08:42:26.278 I/Unique  (14219): 2026-09-04 08:42:26.232 I HOOK SERVICE_HOOKED service=activity_task cache=true singletons=1 bound=activityStart matched=activityStart=startActivities+startActivity+startActivityAndWait+startActivityAsCaller+startActivityAsUser+startActivityFromGameSession+startActivityIntentSender+startActivityWithConfig
09-04 08:42:26.419 I/Unique  (14219): 2026-09-04 08:42:26.297 I LAUNCH ATM_HOOK_INSTALLED package=com.unique.probe host=com.unique matched=activityStart=startActivities+startActivity+startActivityAndWait+startActivityAsCaller+startActivityAsUser+startActivityFromGameSession+startActivityIntentSender+startActivityWithConfig
09-04 08:42:26.853 I/UniqueProbe(14219): Application.onCreate package=com.unique.probe class=com.unique.probe.ProbeApplication filesDir=/data/user/0/com.unique/files/virtual/users/1/data/com.unique.probe/files
09-04 08:42:26.964 I/UniqueProbe(14219): Provider.onCreate package=com.unique.probe
09-04 08:42:27.117 I/Unique  (14219): 2026-09-04 08:42:27.033 I PROCESS PROVIDERS_PUBLISHED package=com.unique.probe declared=1 authorities=com.unique.probe.provider
09-04 08:42:27.285 I/Unique  (14219): 2026-09-04 08:42:27.202 I PROCESS RECEIVERS_REGISTERED package=com.unique.probe declared=1 registered=1 actions=com.unique.probe.ProbeReceiver#com.unique.probe.PING exported=0
09-04 08:42:27.583 I/Unique  (14219): 2026-09-04 08:42:27.501 I LAUNCH u1 com.unique.probe TRANSACTION_REWRITTEN package=com.unique.probe activity=com.unique.probe.ProbeActivity vuid=1 item=LaunchActivityItem theme=0
09-04 08:42:29.441 I/UniqueProbe(14219): wrote /data/user/0/com.unique/files/virtual/users/1/data/com.unique.probe/files/probe-result.properties
09-04 08:42:29.443 I/UniqueProbe(14219): packageName=com.unique.probe
09-04 08:42:29.448 I/UniqueProbe(14219): applicationClass=com.unique.probe.ProbeApplication
09-04 08:42:29.449 I/UniqueProbe(14219): applicationOnCreateRan=true
09-04 08:42:29.450 I/UniqueProbe(14219): applicationBeforeActivity=true
09-04 08:42:29.451 I/UniqueProbe(14219): activityClass=com.unique.probe.ProbeActivity
09-04 08:42:29.456 I/UniqueProbe(14219): componentName=com.unique.probe/com.unique.probe.ProbeActivity
09-04 08:42:29.457 I/UniqueProbe(14219): pid=14219
09-04 08:42:29.458 I/UniqueProbe(14219): taskId=50
09-04 08:42:29.459 I/UniqueProbe(14219): uid=10109
09-04 08:42:29.484 I/UniqueProbe(14219): dataDir=/data/user/0/com.unique/files/virtual/users/1/data/com.unique.probe
09-04 08:42:29.486 I/UniqueProbe(14219): filesDir=/data/user/0/com.unique/files/virtual/users/1/data/com.unique.probe/files
09-04 08:42:29.486 I/UniqueProbe(14219): cacheDir=/data/user/0/com.unique/files/virtual/users/1/data/com.unique.probe/cache
09-04 08:42:29.487 I/UniqueProbe(14219): codeCacheDir=/data/user/0/com.unique/files/virtual/users/1/data/com.unique.probe/code_cache
09-04 08:42:29.490 I/UniqueProbe(14219): packageCodePath=/data/user/0/com.unique/files/virtual/apk/com.unique.probe/13/base.apk
09-04 08:42:29.491 I/UniqueProbe(14219): packageResourcePath=/data/user/0/com.unique/files/virtual/apk/com.unique.probe/13/base.apk
09-04 08:42:29.493 I/UniqueProbe(14219): appInfoDataDir=/data/user/0/com.unique/files/virtual/users/1/data/com.unique.probe
09-04 08:42:29.494 I/UniqueProbe(14219): appInfoSourceDir=/data/user/0/com.unique/files/virtual/apk/com.unique.probe/13/base.apk
09-04 08:42:29.495 I/UniqueProbe(14219): appInfoNativeLibraryDir=/data/user/0/com.unique/files/virtual/apk/com.unique.probe/13/lib/arm64-v8a
09-04 08:42:29.495 I/UniqueProbe(14219): targetSdk=34
09-04 08:42:29.497 I/UniqueProbe(14219): launchCount=1
09-04 08:42:29.498 I/UniqueProbe(14219): sharedPrefsFile=/data/user/0/com.unique/files/virtual/users/1/data/com.unique.probe/shared_prefs/probe.xml
09-04 08:42:29.499 I/UniqueProbe(14219): fileLineCount=1
09-04 08:42:29.499 I/UniqueProbe(14219): filePath=/data/user/0/com.unique/files/virtual/users/1/data/com.unique.probe/files/launches.log
09-04 08:42:29.503 I/UniqueProbe(14219): dbRowCount=1
09-04 08:42:29.507 I/UniqueProbe(14219): dbPath=/data/user/0/com.unique/files/virtual/users/1/data/com.unique.probe/databases/probe.db
09-04 08:42:46.724 I/Unique  (14241): 2026-09-04 08:42:46.575 I PROCESS STUB_PROVIDER_CREATED slot=0
09-04 08:42:48.057 I/Unique  (14241): 2026-09-04 08:42:48.006 I HOOK SERVICE_HOOKED service=package cache=true singletons=1 bound=checkPermission,checkUidPermission,getActivityInfo,getApplicationInfo,getNameForUid,getPackageInfo,getPackagesForUid matched=checkPermission,checkUidPermission,getActivityInfo,getApplicationInfo,getNameForUid,getPackageInfo,getPackagesForUid
09-04 08:42:48.922 I/Unique  (14241): 2026-09-04 08:42:48.869 I HOOK SERVICE_HOOKED service=activity cache=true singletons=1 bound=serviceDispatch,callerIdentity,getContentProvider,intentSender matched=serviceDispatch=bindService+bindServiceInstance+peekService+publishService+startService+stopService+unbindFinished,callerIdentity=broadcastIntent+broadcastIntentWithFeature+grantUriPermission+moveTaskToFront+registerReceiver+registerReceiverWithFeature+revokeUriPermission+sendIntentSender+startActivity+startActivityAsUser+startActivityAsUserWithFeature+startActivityWithFeature,getContentProvider,i
09-04 08:42:49.084 I/Unique  (14241): 2026-09-04 08:42:48.954 I LAUNCH VAM_HOOK_INSTALLED package=com.unique.probe host=com.unique methods=4 matched=serviceDispatch=bindService+bindServiceInstance+peekService+publishService+startService+stopService+unbindFinished,callerIdentity=broadcastIntent+broadcastIntentWithFeature+grantUriPermission+moveTaskToFront+registerReceiver+registerReceiverWithFeature+revokeUriPermission+sendIntentSender+startActivity+startActivityAsUser+startActivityAsUserWithFeature+startActivityWithFeature,getContentProvider,i
09-04 08:42:49.441 I/Unique  (14241): 2026-09-04 08:42:49.394 I HOOK SERVICE_HOOKED service=activity_task cache=true singletons=1 bound=activityStart matched=activityStart=startActivities+startActivity+startActivityAndWait+startActivityAsCaller+startActivityAsUser+startActivityFromGameSession+startActivityIntentSender+startActivityWithConfig
09-04 08:42:49.582 I/Unique  (14241): 2026-09-04 08:42:49.445 I LAUNCH ATM_HOOK_INSTALLED package=com.unique.probe host=com.unique matched=activityStart=startActivities+startActivity+startActivityAndWait+startActivityAsCaller+startActivityAsUser+startActivityFromGameSession+startActivityIntentSender+startActivityWithConfig
09-04 08:42:50.464 I/UniqueProbe(14241): Application.onCreate package=com.unique.probe class=com.unique.probe.ProbeApplication filesDir=/data/user/0/com.unique/files/virtual/users/0/data/com.unique.probe/files
09-04 08:42:50.617 I/UniqueProbe(14241): Provider.onCreate package=com.unique.probe
09-04 08:42:50.975 I/Unique  (14241): 2026-09-04 08:42:50.703 I PROCESS PROVIDERS_PUBLISHED package=com.unique.probe declared=1 authorities=com.unique.probe.provider
09-04 08:42:51.503 I/Unique  (14241): 2026-09-04 08:42:51.446 I PROCESS RECEIVERS_REGISTERED package=com.unique.probe declared=1 registered=1 actions=com.unique.probe.ProbeReceiver#com.unique.probe.PING exported=0
09-04 08:42:51.906 I/Unique  (14241): 2026-09-04 08:42:51.793 I LAUNCH u0 com.unique.probe TRANSACTION_REWRITTEN package=com.unique.probe activity=com.unique.probe.ProbeActivity vuid=0 item=LaunchActivityItem theme=0
09-04 08:42:53.313 I/UniqueProbe(14241): wrote /data/user/0/com.unique/files/virtual/users/0/data/com.unique.probe/files/probe-result.properties
09-04 08:42:53.330 I/UniqueProbe(14241): packageName=com.unique.probe
09-04 08:42:53.331 I/UniqueProbe(14241): applicationClass=com.unique.probe.ProbeApplication
09-04 08:42:53.334 I/UniqueProbe(14241): applicationOnCreateRan=true
09-04 08:42:53.335 I/UniqueProbe(14241): applicationBeforeActivity=true
09-04 08:42:53.336 I/UniqueProbe(14241): activityClass=com.unique.probe.ProbeActivity
09-04 08:42:53.394 I/UniqueProbe(14241): componentName=com.unique.probe/com.unique.probe.ProbeActivity
09-04 08:42:53.395 I/UniqueProbe(14241): pid=14241
09-04 08:42:53.395 I/UniqueProbe(14241): taskId=49
09-04 08:42:53.425 I/UniqueProbe(14241): uid=10109
09-04 08:42:53.427 I/UniqueProbe(14241): dataDir=/data/user/0/com.unique/files/virtual/users/0/data/com.unique.probe
09-04 08:42:53.427 I/UniqueProbe(14241): filesDir=/data/user/0/com.unique/files/virtual/users/0/data/com.unique.probe/files
09-04 08:42:53.477 I/UniqueProbe(14241): cacheDir=/data/user/0/com.unique/files/virtual/users/0/data/com.unique.probe/cache
09-04 08:42:53.478 I/UniqueProbe(14241): codeCacheDir=/data/user/0/com.unique/files/virtual/users/0/data/com.unique.probe/code_cache
09-04 08:42:53.479 I/UniqueProbe(14241): packageCodePath=/data/user/0/com.unique/files/virtual/apk/com.unique.probe/13/base.apk
09-04 08:42:53.530 I/UniqueProbe(14241): packageResourcePath=/data/user/0/com.unique/files/virtual/apk/com.unique.probe/13/base.apk
09-04 08:42:53.531 I/UniqueProbe(14241): appInfoDataDir=/data/user/0/com.unique/files/virtual/users/0/data/com.unique.probe
09-04 08:42:53.536 I/UniqueProbe(14241): appInfoSourceDir=/data/user/0/com.unique/files/virtual/apk/com.unique.probe/13/base.apk
09-04 08:42:53.537 I/UniqueProbe(14241): appInfoNativeLibraryDir=/data/user/0/com.unique/files/virtual/apk/com.unique.probe/13/lib/arm64-v8a
09-04 08:42:53.538 I/UniqueProbe(14241): targetSdk=34
09-04 08:42:53.539 I/UniqueProbe(14241): launchCount=3
09-04 08:42:53.575 I/UniqueProbe(14241): sharedPrefsFile=/data/user/0/com.unique/files/virtual/users/0/data/com.unique.probe/shared_prefs/probe.xml
09-04 08:42:53.581 I/UniqueProbe(14241): fileLineCount=3
09-04 08:42:53.582 I/UniqueProbe(14241): filePath=/data/user/0/com.unique/files/virtual/users/0/data/com.unique.probe/files/launches.log
09-04 08:42:53.582 I/UniqueProbe(14241): dbRowCount=3
09-04 08:42:53.583 I/UniqueProbe(14241): dbPath=/data/user/0/com.unique/files/virtual/users/0/data/com.unique.probe/databases/probe.db
09-04 08:42:53.591 W/UniqueProbe(14241): crashing on request
09-04 08:43:08.023 I/Unique  (14262): 2026-09-04 08:43:07.783 I PROCESS STUB_PROVIDER_CREATED slot=0
09-04 08:43:09.338 I/Unique  (14262): 2026-09-04 08:43:09.289 I HOOK SERVICE_HOOKED service=package cache=true singletons=1 bound=checkPermission,checkUidPermission,getActivityInfo,getApplicationInfo,getNameForUid,getPackageInfo,getPackagesForUid matched=checkPermission,checkUidPermission,getActivityInfo,getApplicationInfo,getNameForUid,getPackageInfo,getPackagesForUid
09-04 08:43:10.186 I/Unique  (14262): 2026-09-04 08:43:10.130 I HOOK SERVICE_HOOKED service=activity cache=true singletons=1 bound=serviceDispatch,callerIdentity,getContentProvider,intentSender matched=serviceDispatch=bindService+bindServiceInstance+peekService+publishService+startService+stopService+unbindFinished,callerIdentity=broadcastIntent+broadcastIntentWithFeature+grantUriPermission+moveTaskToFront+registerReceiver+registerReceiverWithFeature+revokeUriPermission+sendIntentSender+startActivity+startActivityAsUser+startActivityAsUserWithFeature+startActivityWithFeature,getContentProvider,i
09-04 08:43:10.356 I/Unique  (14262): 2026-09-04 08:43:10.255 I LAUNCH VAM_HOOK_INSTALLED package=com.unique.probe host=com.unique methods=4 matched=serviceDispatch=bindService+bindServiceInstance+peekService+publishService+startService+stopService+unbindFinished,callerIdentity=broadcastIntent+broadcastIntentWithFeature+grantUriPermission+moveTaskToFront+registerReceiver+registerReceiverWithFeature+revokeUriPermission+sendIntentSender+startActivity+startActivityAsUser+startActivityAsUserWithFeature+startActivityWithFeature,getContentProvider,i
09-04 08:43:10.665 I/Unique  (14262): 2026-09-04 08:43:10.621 I HOOK SERVICE_HOOKED service=activity_task cache=true singletons=1 bound=activityStart matched=activityStart=startActivities+startActivity+startActivityAndWait+startActivityAsCaller+startActivityAsUser+startActivityFromGameSession+startActivityIntentSender+startActivityWithConfig
09-04 08:43:10.883 I/Unique  (14262): 2026-09-04 08:43:10.671 I LAUNCH ATM_HOOK_INSTALLED package=com.unique.probe host=com.unique matched=activityStart=startActivities+startActivity+startActivityAndWait+startActivityAsCaller+startActivityAsUser+startActivityFromGameSession+startActivityIntentSender+startActivityWithConfig
09-04 08:43:11.385 I/UniqueProbe(14262): Application.onCreate package=com.unique.probe class=com.unique.probe.ProbeApplication filesDir=/data/user/0/com.unique/files/virtual/users/0/data/com.unique.probe/files
09-04 08:43:11.493 I/UniqueProbe(14262): Provider.onCreate package=com.unique.probe
09-04 08:43:11.763 I/Unique  (14262): 2026-09-04 08:43:11.651 I PROCESS PROVIDERS_PUBLISHED package=com.unique.probe declared=1 authorities=com.unique.probe.provider
09-04 08:43:12.143 I/Unique  (14262): 2026-09-04 08:43:11.907 I PROCESS RECEIVERS_REGISTERED package=com.unique.probe declared=1 registered=1 actions=com.unique.probe.ProbeReceiver#com.unique.probe.PING exported=0
09-04 08:43:12.643 I/Unique  (14262): 2026-09-04 08:43:12.562 I LAUNCH u0 com.unique.probe TRANSACTION_REWRITTEN package=com.unique.probe activity=com.unique.probe.ProbeActivity vuid=0 item=LaunchActivityItem theme=0
09-04 08:43:13.888 I/UniqueProbe(14262): wrote /data/user/0/com.unique/files/virtual/users/0/data/com.unique.probe/files/probe-result.properties
09-04 08:43:13.897 I/UniqueProbe(14262): packageName=com.unique.probe
09-04 08:43:13.898 I/UniqueProbe(14262): applicationClass=com.unique.probe.ProbeApplication
09-04 08:43:13.899 I/UniqueProbe(14262): applicationOnCreateRan=true
09-04 08:43:13.900 I/UniqueProbe(14262): applicationBeforeActivity=true
09-04 08:43:13.930 I/UniqueProbe(14262): activityClass=com.unique.probe.ProbeActivity
09-04 08:43:13.931 I/UniqueProbe(14262): componentName=com.unique.probe/com.unique.probe.ProbeActivity
09-04 08:43:13.934 I/UniqueProbe(14262): pid=14262
09-04 08:43:13.935 I/UniqueProbe(14262): taskId=51
09-04 08:43:13.972 I/UniqueProbe(14262): uid=10109
09-04 08:43:13.973 I/UniqueProbe(14262): dataDir=/data/user/0/com.unique/files/virtual/users/0/data/com.unique.probe
09-04 08:43:13.974 I/UniqueProbe(14262): filesDir=/data/user/0/com.unique/files/virtual/users/0/data/com.unique.probe/files
09-04 08:43:13.975 I/UniqueProbe(14262): cacheDir=/data/user/0/com.unique/files/virtual/users/0/data/com.unique.probe/cache
09-04 08:43:13.982 I/UniqueProbe(14262): codeCacheDir=/data/user/0/com.unique/files/virtual/users/0/data/com.unique.probe/code_cache
09-04 08:43:13.982 I/UniqueProbe(14262): packageCodePath=/data/user/0/com.unique/files/virtual/apk/com.unique.probe/13/base.apk
09-04 08:43:13.983 I/UniqueProbe(14262): packageResourcePath=/data/user/0/com.unique/files/virtual/apk/com.unique.probe/13/base.apk
09-04 08:43:13.990 I/UniqueProbe(14262): appInfoDataDir=/data/user/0/com.unique/files/virtual/users/0/data/com.unique.probe
09-04 08:43:13.991 I/UniqueProbe(14262): appInfoSourceDir=/data/user/0/com.unique/files/virtual/apk/com.unique.probe/13/base.apk
09-04 08:43:13.998 I/UniqueProbe(14262): appInfoNativeLibraryDir=/data/user/0/com.unique/files/virtual/apk/com.unique.probe/13/lib/arm64-v8a
09-04 08:43:13.998 I/UniqueProbe(14262): targetSdk=34
09-04 08:43:13.999 I/UniqueProbe(14262): launchCount=4
09-04 08:43:14.035 I/UniqueProbe(14262): sharedPrefsFile=/data/user/0/com.unique/files/virtual/users/0/data/com.unique.probe/shared_prefs/probe.xml
09-04 08:43:14.055 I/UniqueProbe(14262): fileLineCount=4
09-04 08:43:14.056 I/UniqueProbe(14262): filePath=/data/user/0/com.unique/files/virtual/users/0/data/com.unique.probe/files/launches.log
09-04 08:43:14.057 I/UniqueProbe(14262): dbRowCount=4
09-04 08:43:14.058 I/UniqueProbe(14262): dbPath=/data/user/0/com.unique/files/virtual/users/0/data/com.unique.probe/databases/probe.db
09-04 08:43:14.065 I/UniqueProbe(14262): starting own service
09-04 08:43:14.259 I/Unique  (14262): 2026-09-04 08:43:14.095 I PROCESS u0 com.unique.probe SERVICE_STUB_RESERVED slot=0 stub=0 service=com.unique.probe.ProbeService vuid=0
09-04 08:43:14.654 D/Unique  (14262): 2026-09-04 08:43:14.353 D PROCESS u0 com.unique.probe SERVICE_INTENT_ROUTED service=com.unique.probe.ProbeService stub=com.unique.stub.ServiceStub_p0_s0 action=-
09-04 08:43:14.774 I/UniqueProbe(14262): binding own service
09-04 08:43:15.213 D/Unique  (14262): 2026-09-04 08:43:14.799 D PROCESS u0 com.unique.probe SERVICE_INTENT_ROUTED service=com.unique.probe.ProbeService stub=com.unique.stub.ServiceStub_p0_s0 action=-
09-04 08:43:16.339 I/Unique  (14262): 2026-09-04 08:43:16.258 I PROCESS u0 com.unique.probe CREATE_SERVICE_REWRITTEN stub=com.unique.stub.ServiceStub_p0_s0 service=com.unique.probe.ProbeService
09-04 08:43:16.430 I/UniqueProbe(14262): Service.onCreate package=com.unique.probe process=14262
09-04 08:43:16.533 I/UniqueProbe(14262): Service.onStartCommand startId=1 count=1
09-04 08:43:16.642 I/UniqueProbe(14262): Service.onBind count=1 component=com.unique.probe/.ProbeService
09-04 08:43:16.822 D/Unique  (14262): 2026-09-04 08:43:16.690 D PROCESS u0 com.unique.probe SERVICE_INTENT_ROUTED service=com.unique.probe.ProbeService stub=com.unique.stub.ServiceStub_p0_s0 action=-
09-04 08:43:18.248 I/UniqueProbe(14262): onServiceConnected com.unique/.stub.ServiceStub_p0_s0
09-04 08:43:18.467 I/UniqueProbe(14262): wrote /data/user/0/com.unique/files/virtual/users/0/data/com.unique.probe/files/probe-connection.properties
09-04 08:43:19.618 I/UniqueProbe(14219): Receiver.onReceive action=com.unique.probe.PING package=com.unique.probe
09-04 08:43:19.668 I/UniqueProbe(14262): Receiver.onReceive action=com.unique.probe.PING package=com.unique.probe
09-04 08:43:19.844 I/Unique  (14262): 2026-09-04 08:43:19.750 I PROCESS u0 com.unique.probe BROADCAST_DELIVERED receiver=com.unique.probe.ProbeReceiver action=com.unique.probe.PING
09-04 08:43:19.916 I/Unique  (14219): 2026-09-04 08:43:19.642 I PROCESS u1 com.unique.probe BROADCAST_DELIVERED receiver=com.unique.probe.ProbeReceiver action=com.unique.probe.PING
09-04 08:43:22.139 I/Unique  (14262): 2026-09-04 08:43:22.099 I LAUNCH u0 com.unique.probe TRANSACTION_REWRITTEN package=com.unique.probe activity=com.unique.probe.ProbeActivity vuid=0 item=LaunchActivityItem theme=0
09-04 08:43:22.843 I/UniqueProbe(14262): wrote /data/user/0/com.unique/files/virtual/users/0/data/com.unique.probe/files/probe-result.properties
09-04 08:43:22.863 I/UniqueProbe(14262): packageName=com.unique.probe
09-04 08:43:22.865 I/UniqueProbe(14262): applicationClass=com.unique.probe.ProbeApplication
09-04 08:43:22.866 I/UniqueProbe(14262): applicationOnCreateRan=true
09-04 08:43:22.866 I/UniqueProbe(14262): applicationBeforeActivity=true
09-04 08:43:22.867 I/UniqueProbe(14262): activityClass=com.unique.probe.ProbeActivity
09-04 08:43:22.873 I/UniqueProbe(14262): componentName=com.unique.probe/com.unique.probe.ProbeActivity
09-04 08:43:22.874 I/UniqueProbe(14262): pid=14262
09-04 08:43:22.875 I/UniqueProbe(14262): taskId=51
09-04 08:43:22.909 I/UniqueProbe(14262): uid=10109
09-04 08:43:22.910 I/UniqueProbe(14262): dataDir=/data/user/0/com.unique/files/virtual/users/0/data/com.unique.probe
09-04 08:43:22.911 I/UniqueProbe(14262): filesDir=/data/user/0/com.unique/files/virtual/users/0/data/com.unique.probe/files
09-04 08:43:22.915 I/UniqueProbe(14262): cacheDir=/data/user/0/com.unique/files/virtual/users/0/data/com.unique.probe/cache
09-04 08:43:22.931 I/UniqueProbe(14262): codeCacheDir=/data/user/0/com.unique/files/virtual/users/0/data/com.unique.probe/code_cache
09-04 08:43:22.931 I/UniqueProbe(14262): packageCodePath=/data/user/0/com.unique/files/virtual/apk/com.unique.probe/13/base.apk
09-04 08:43:22.936 I/UniqueProbe(14262): packageResourcePath=/data/user/0/com.unique/files/virtual/apk/com.unique.probe/13/base.apk
09-04 08:43:22.937 I/UniqueProbe(14262): appInfoDataDir=/data/user/0/com.unique/files/virtual/users/0/data/com.unique.probe
09-04 08:43:22.938 I/UniqueProbe(14262): appInfoSourceDir=/data/user/0/com.unique/files/virtual/apk/com.unique.probe/13/base.apk
09-04 08:43:22.939 I/UniqueProbe(14262): appInfoNativeLibraryDir=/data/user/0/com.unique/files/virtual/apk/com.unique.probe/13/lib/arm64-v8a
09-04 08:43:22.943 I/UniqueProbe(14262): targetSdk=34
09-04 08:43:22.945 I/UniqueProbe(14262): launchCount=5
09-04 08:43:22.946 I/UniqueProbe(14262): sharedPrefsFile=/data/user/0/com.unique/files/virtual/users/0/data/com.unique.probe/shared_prefs/probe.xml
09-04 08:43:22.947 I/UniqueProbe(14262): fileLineCount=5
09-04 08:43:22.947 I/UniqueProbe(14262): filePath=/data/user/0/com.unique/files/virtual/users/0/data/com.unique.probe/files/launches.log
09-04 08:43:22.951 I/UniqueProbe(14262): dbRowCount=5
09-04 08:43:22.952 I/UniqueProbe(14262): dbPath=/data/user/0/com.unique/files/virtual/users/0/data/com.unique.probe/databases/probe.db
09-04 08:43:22.957 I/UniqueProbe(14262): querying own provider
09-04 08:43:23.093 I/UniqueProbe(14262): rowCount=3
09-04 08:43:23.094 I/UniqueProbe(14262): provider.packageName=com.unique.probe
09-04 08:43:23.095 I/UniqueProbe(14262): provider.filesDir=/data/user/0/com.unique/files/virtual/users/0/data/com.unique.probe/files
09-04 08:43:23.097 I/UniqueProbe(14262): provider.pid=14262
09-04 08:43:23.098 I/UniqueProbe(14262): type=vnd.android.cursor.dir/probe
09-04 08:43:23.098 I/UniqueProbe(14262): callerPid=14262
09-04 08:43:23.186 I/UniqueProbe(14262): wrote /data/user/0/com.unique/files/virtual/users/0/data/com.unique.probe/files/probe-provider.properties
09-04 08:43:27.199 I/Unique  (14262): 2026-09-04 08:43:27.111 I LAUNCH u0 com.unique.probe TRANSACTION_REWRITTEN package=com.unique.probe activity=com.unique.probe.ProbeActivity vuid=0 item=LaunchActivityItem theme=0
09-04 08:43:27.837 I/UniqueProbe(14262): wrote /data/user/0/com.unique/files/virtual/users/0/data/com.unique.probe/files/probe-result.properties
09-04 08:43:27.838 I/UniqueProbe(14262): packageName=com.unique.probe
09-04 08:43:27.839 I/UniqueProbe(14262): applicationClass=com.unique.probe.ProbeApplication
09-04 08:43:27.841 I/UniqueProbe(14262): applicationOnCreateRan=true
09-04 08:43:27.841 I/UniqueProbe(14262): applicationBeforeActivity=true
09-04 08:43:27.843 I/UniqueProbe(14262): activityClass=com.unique.probe.ProbeActivity
09-04 08:43:27.843 I/UniqueProbe(14262): componentName=com.unique.probe/com.unique.probe.ProbeActivity
09-04 08:43:27.850 I/UniqueProbe(14262): pid=14262
09-04 08:43:27.850 I/UniqueProbe(14262): taskId=51
09-04 08:43:27.851 I/UniqueProbe(14262): uid=10109
09-04 08:43:27.857 I/UniqueProbe(14262): dataDir=/data/user/0/com.unique/files/virtual/users/0/data/com.unique.probe
09-04 08:43:27.903 I/UniqueProbe(14262): filesDir=/data/user/0/com.unique/files/virtual/users/0/data/com.unique.probe/files
09-04 08:43:27.907 I/UniqueProbe(14262): cacheDir=/data/user/0/com.unique/files/virtual/users/0/data/com.unique.probe/cache
09-04 08:43:27.973 I/UniqueProbe(14262): codeCacheDir=/data/user/0/com.unique/files/virtual/users/0/data/com.unique.probe/code_cache
09-04 08:43:27.974 I/UniqueProbe(14262): packageCodePath=/data/user/0/com.unique/files/virtual/apk/com.unique.probe/13/base.apk
09-04 08:43:27.987 I/UniqueProbe(14262): packageResourcePath=/data/user/0/com.unique/files/virtual/apk/com.unique.probe/13/base.apk
09-04 08:43:27.991 I/UniqueProbe(14262): appInfoDataDir=/data/user/0/com.unique/files/virtual/users/0/data/com.unique.probe
09-04 08:43:27.998 I/UniqueProbe(14262): appInfoSourceDir=/data/user/0/com.unique/files/virtual/apk/com.unique.probe/13/base.apk
09-04 08:43:27.999 I/UniqueProbe(14262): appInfoNativeLibraryDir=/data/user/0/com.unique/files/virtual/apk/com.unique.probe/13/lib/arm64-v8a
09-04 08:43:28.003 I/UniqueProbe(14262): targetSdk=34
09-04 08:43:28.015 I/UniqueProbe(14262): launchCount=6
09-04 08:43:28.019 I/UniqueProbe(14262): sharedPrefsFile=/data/user/0/com.unique/files/virtual/users/0/data/com.unique.probe/shared_prefs/probe.xml
09-04 08:43:28.078 I/UniqueProbe(14262): fileLineCount=6
09-04 08:43:28.093 I/UniqueProbe(14262): filePath=/data/user/0/com.unique/files/virtual/users/0/data/com.unique.probe/files/launches.log
09-04 08:43:28.094 I/UniqueProbe(14262): dbRowCount=6
09-04 08:43:28.095 I/UniqueProbe(14262): dbPath=/data/user/0/com.unique/files/virtual/users/0/data/com.unique.probe/databases/probe.db
09-04 08:43:28.111 I/UniqueProbe(14262): starting own second activity
09-04 08:43:28.532 D/Unique  (14262): 2026-09-04 08:43:28.191 D LAUNCH u0 com.unique.probe ACTIVITY_INTENT_ROUTED activity=com.unique.probe.ProbeSecondActivity stub=com.unique.stub.ActivityStub_p0_m0_a0 launchMode=0
09-04 08:43:31.714 I/Unique  (14262): 2026-09-04 08:43:31.669 I LAUNCH u0 com.unique.probe TRANSACTION_REWRITTEN package=com.unique.probe activity=com.unique.probe.ProbeSecondActivity vuid=0 item=LaunchActivityItem theme=0
09-04 08:43:32.141 I/UniqueProbe(14262): wrote /data/user/0/com.unique/files/virtual/users/0/data/com.unique.probe/files/probe-second.properties
09-04 08:43:32.143 I/UniqueProbe(14262): activityClass=com.unique.probe.ProbeSecondActivity
09-04 08:43:32.144 I/UniqueProbe(14262): packageName=com.unique.probe
09-04 08:43:32.169 I/UniqueProbe(14262): componentName=com.unique.probe/com.unique.probe.ProbeSecondActivity
09-04 08:43:32.169 I/UniqueProbe(14262): callingPackage=null
09-04 08:43:32.170 I/UniqueProbe(14262): extra=carried-through
09-04 08:43:32.170 I/UniqueProbe(14262): filesDir=/data/user/0/com.unique/files/virtual/users/0/data/com.unique.probe/files
09-04 08:43:32.171 I/UniqueProbe(14262): taskId=51
09-04 08:43:32.171 I/UniqueProbe(14262): pid=14262
09-04 08:43:37.061 I/Unique  (14262): 2026-09-04 08:43:36.923 I LAUNCH u0 com.unique.probe TRANSACTION_REWRITTEN package=com.unique.probe activity=com.unique.probe.ProbeActivity vuid=0 item=LaunchActivityItem theme=0
09-04 08:43:37.781 I/UniqueProbe(14262): wrote /data/user/0/com.unique/files/virtual/users/0/data/com.unique.probe/files/probe-result.properties
09-04 08:43:37.791 I/UniqueProbe(14262): packageName=com.unique.probe
09-04 08:43:37.874 I/UniqueProbe(14262): applicationClass=com.unique.probe.ProbeApplication
09-04 08:43:37.917 I/UniqueProbe(14262): applicationOnCreateRan=true
09-04 08:43:37.918 I/UniqueProbe(14262): applicationBeforeActivity=true
09-04 08:43:37.919 I/UniqueProbe(14262): activityClass=com.unique.probe.ProbeActivity
09-04 08:43:37.925 I/UniqueProbe(14262): componentName=com.unique.probe/com.unique.probe.ProbeActivity
09-04 08:43:37.926 I/UniqueProbe(14262): pid=14262
09-04 08:43:37.927 I/UniqueProbe(14262): taskId=51
09-04 08:43:37.933 I/UniqueProbe(14262): uid=10109
09-04 08:43:37.934 I/UniqueProbe(14262): dataDir=/data/user/0/com.unique/files/virtual/users/0/data/com.unique.probe
09-04 08:43:37.935 I/UniqueProbe(14262): filesDir=/data/user/0/com.unique/files/virtual/users/0/data/com.unique.probe/files
09-04 08:43:37.935 I/UniqueProbe(14262): cacheDir=/data/user/0/com.unique/files/virtual/users/0/data/com.unique.probe/cache
09-04 08:43:37.937 I/UniqueProbe(14262): codeCacheDir=/data/user/0/com.unique/files/virtual/users/0/data/com.unique.probe/code_cache
09-04 08:43:37.938 I/UniqueProbe(14262): packageCodePath=/data/user/0/com.unique/files/virtual/apk/com.unique.probe/13/base.apk
09-04 08:43:37.939 I/UniqueProbe(14262): packageResourcePath=/data/user/0/com.unique/files/virtual/apk/com.unique.probe/13/base.apk
09-04 08:43:37.941 I/UniqueProbe(14262): appInfoDataDir=/data/user/0/com.unique/files/virtual/users/0/data/com.unique.probe
09-04 08:43:37.942 I/UniqueProbe(14262): appInfoSourceDir=/data/user/0/com.unique/files/virtual/apk/com.unique.probe/13/base.apk
09-04 08:43:37.943 I/UniqueProbe(14262): appInfoNativeLibraryDir=/data/user/0/com.unique/files/virtual/apk/com.unique.probe/13/lib/arm64-v8a
09-04 08:43:37.943 I/UniqueProbe(14262): targetSdk=34
09-04 08:43:37.951 I/UniqueProbe(14262): launchCount=7
09-04 08:43:37.961 I/UniqueProbe(14262): sharedPrefsFile=/data/user/0/com.unique/files/virtual/users/0/data/com.unique.probe/shared_prefs/probe.xml
09-04 08:43:37.962 I/UniqueProbe(14262): fileLineCount=7
09-04 08:43:37.963 I/UniqueProbe(14262): filePath=/data/user/0/com.unique/files/virtual/users/0/data/com.unique.probe/files/launches.log
09-04 08:43:37.979 I/UniqueProbe(14262): dbRowCount=7
09-04 08:43:37.985 I/UniqueProbe(14262): dbPath=/data/user/0/com.unique/files/virtual/users/0/data/com.unique.probe/databases/probe.db
09-04 08:43:37.987 I/UniqueProbe(14262): firing own PendingIntent
09-04 08:43:38.515 D/Unique  (14262): 2026-09-04 08:43:38.203 D LAUNCH u0 com.unique.probe ACTIVITY_INTENT_ROUTED activity=com.unique.probe.ProbeSecondActivity stub=com.unique.stub.ActivityStub_p0_m0_a0 launchMode=0
09-04 08:43:39.039 I/UniqueProbe(14262): created=true
09-04 08:43:39.073 I/UniqueProbe(14262): creatorPackage=com.unique
09-04 08:43:39.074 I/UniqueProbe(14262): sent=true
09-04 08:43:41.498 I/Unique  (14262): 2026-09-04 08:43:41.442 I LAUNCH u0 com.unique.probe TRANSACTION_REWRITTEN package=com.unique.probe activity=com.unique.probe.ProbeSecondActivity vuid=0 item=LaunchActivityItem theme=0
09-04 08:43:42.095 I/UniqueProbe(14262): wrote /data/user/0/com.unique/files/virtual/users/0/data/com.unique.probe/files/probe-second.properties
09-04 08:43:42.111 I/UniqueProbe(14262): activityClass=com.unique.probe.ProbeSecondActivity
09-04 08:43:42.111 I/UniqueProbe(14262): packageName=com.unique.probe
09-04 08:43:42.116 I/UniqueProbe(14262): componentName=com.unique.probe/com.unique.probe.ProbeSecondActivity
09-04 08:43:42.117 I/UniqueProbe(14262): callingPackage=null
09-04 08:43:42.117 I/UniqueProbe(14262): extra=via-pending-intent
09-04 08:43:42.117 I/UniqueProbe(14262): filesDir=/data/user/0/com.unique/files/virtual/users/0/data/com.unique.probe/files
09-04 08:43:42.118 I/UniqueProbe(14262): taskId=51
09-04 08:43:42.118 I/UniqueProbe(14262): pid=14262
09-04 08:41:29.999 I/ActivityTaskManager(  523): START u0 {id=u0/com.unique.probe.ProbeActivity flg=0x10000000 cmp=com.unique/.stub.ActivityStub_p0_m0_a0 (has extras)} with LAUNCH_MULTIPLE from uid 10109 (BAL_ALLOW_PERMISSION) result code=0
09-04 08:41:53.470 I/ActivityTaskManager(  523): START u0 {id=u0/com.unique.probe.ProbeActivity flg=0x10000000 cmp=com.unique/.stub.ActivityStub_p0_m0_a0 (has extras)} with LAUNCH_MULTIPLE from uid 10109 (BAL_ALLOW_PERMISSION) result code=0
09-04 08:42:13.941 I/ActivityTaskManager(  523): START u0 {id=u1/com.unique.probe.ProbeActivity flg=0x10000000 cmp=com.unique/.stub.ActivityStub_p1_m0_a0 (has extras)} with LAUNCH_MULTIPLE from uid 10109 (BAL_ALLOW_VISIBLE_WINDOW) result code=0
09-04 08:42:35.985 I/ActivityTaskManager(  523): START u0 {id=u0/com.unique.probe.ProbeActivity flg=0x10008000 cmp=com.unique/.stub.ActivityStub_p0_m0_a0 (has extras)} with LAUNCH_MULTIPLE from uid 10109 (BAL_ALLOW_VISIBLE_WINDOW) result code=0
09-04 08:42:58.367 I/ActivityTaskManager(  523): START u0 {id=u0/com.unique.probe.ProbeActivity flg=0x10008000 cmp=com.unique/.stub.ActivityStub_p0_m0_a0 (has extras)} with LAUNCH_MULTIPLE from uid 10109 (BAL_ALLOW_VISIBLE_WINDOW) result code=0
09-04 08:43:21.235 I/ActivityTaskManager(  523): START u0 {id=u0/com.unique.probe.ProbeActivity flg=0x10008000 cmp=com.unique/.stub.ActivityStub_p0_m0_a0 (has extras)} with LAUNCH_MULTIPLE from uid 10109 (BAL_ALLOW_VISIBLE_WINDOW) result code=0
09-04 08:43:25.567 I/ActivityTaskManager(  523): START u0 {id=u0/com.unique.probe.ProbeActivity flg=0x10008000 cmp=com.unique/.stub.ActivityStub_p0_m0_a0 (has extras)} with LAUNCH_MULTIPLE from uid 10109 (BAL_ALLOW_VISIBLE_WINDOW) result code=0
09-04 08:43:29.231 I/ActivityTaskManager(  523): START u0 {id=u0/com.unique.probe.ProbeSecondActivity cmp=com.unique/.stub.ActivityStub_p0_m0_a0 (has extras)} with LAUNCH_MULTIPLE from uid 10109 (BAL_ALLOW_VISIBLE_WINDOW) result code=0
09-04 08:43:34.633 I/ActivityTaskManager(  523): START u0 {id=u0/com.unique.probe.ProbeActivity flg=0x10008000 cmp=com.unique/.stub.ActivityStub_p0_m0_a0 (has extras)} with LAUNCH_MULTIPLE from uid 10109 (BAL_ALLOW_VISIBLE_WINDOW) result code=0
09-04 08:43:38.855 I/ActivityTaskManager(  523): START u0 {id=u0/com.unique.probe.ProbeSecondActivity flg=0x10000000 cmp=com.unique/.stub.ActivityStub_p0_m0_a0 (has extras)} with LAUNCH_MULTIPLE from uid 10109 (BAL_ALLOW_VISIBLE_WINDOW) result code=0
